SQL> 
SQL> -- Generated by Oracle SQL Developer Data Modeler 22.2.0.165.1149
SQL> --   at:        2023-05-03 14:09:14 AEST
SQL> --   site:      Oracle Database 11g
SQL> --   type:      Oracle Database 11g
SQL> 
SQL> 
SQL> 
SQL> DROP TABLE bin CASCADE CONSTRAINTS;

Table BIN dropped.

SQL> 
SQL> DROP TABLE bin_type CASCADE CONSTRAINTS;

Table BIN_TYPE dropped.

SQL> 
SQL> DROP TABLE collection_cost CASCADE CONSTRAINTS;

Table COLLECTION_COST dropped.

SQL> 
SQL> DROP TABLE collector CASCADE CONSTRAINTS;

Error starting at line : 19 in command -
DROP TABLE collector CASCADE CONSTRAINTS
Error report -
ORA-00942: table or view does not exist
00942. 00000 -  "table or view does not exist"
*Cause:    
*Action:
SQL> 
SQL> DROP TABLE contract CASCADE CONSTRAINTS;

Table CONTRACT dropped.

SQL> 
SQL> DROP TABLE contract_driver CASCADE CONSTRAINTS;

Error starting at line : 23 in command -
DROP TABLE contract_driver CASCADE CONSTRAINTS
Error report -
ORA-00942: table or view does not exist
00942. 00000 -  "table or view does not exist"
*Cause:    
*Action:
SQL> 
SQL> DROP TABLE driver CASCADE CONSTRAINTS;

Table DRIVER dropped.

SQL> 
SQL> DROP TABLE "driver-truck" CASCADE CONSTRAINTS;

Table "driver-truck" dropped.

SQL> 
SQL> DROP TABLE information CASCADE CONSTRAINTS;

Table INFORMATION dropped.

SQL> 
SQL> DROP TABLE local_authority CASCADE CONSTRAINTS;

Table LOCAL_AUTHORITY dropped.

SQL> 
SQL> DROP TABLE owner CASCADE CONSTRAINTS;

Table OWNER dropped.

SQL> 
SQL> DROP TABLE property CASCADE CONSTRAINTS;

Table PROPERTY dropped.

SQL> 
SQL> DROP TABLE "property-owner" CASCADE CONSTRAINTS;

Table "property-owner" dropped.

SQL> 
SQL> DROP TABLE street CASCADE CONSTRAINTS;

Table STREET dropped.

SQL> 
SQL> DROP TABLE supply_cost CASCADE CONSTRAINTS;

Table SUPPLY_COST dropped.

SQL> 
SQL> DROP TABLE truck CASCADE CONSTRAINTS;

Table TRUCK dropped.

SQL> 
SQL> DROP TABLE waste_cost CASCADE CONSTRAINTS;

Table WASTE_COST dropped.

SQL> 
SQL> DROP TABLE waste_type CASCADE CONSTRAINTS;

Table WASTE_TYPE dropped.

SQL> 
SQL> -- predefined type, no DDL - MDSYS.SDO_GEOMETRY
SQL> 
SQL> -- predefined type, no DDL - XMLTYPE
SQL> 
SQL> CREATE TABLE bin (
  2      bin_rfid_tag           VARCHAR2(16) NOT NULL,
  3      bin_supply_date        DATE NOT NULL,
  4      bin_replace_reason     VARCHAR2(50) NOT NULL,
  5      bin_type_id            NUMBER(4) NOT NULL,
  6      property_street_number NUMBER(3) NOT NULL,
  7      street_id              NUMBER(7) NOT NULL,
  8      authority_name         VARCHAR2(35) NOT NULL
  9  );

Table BIN created.

SQL> 
SQL> ALTER TABLE bin
  2      ADD CONSTRAINT chk_reason CHECK ( bin_replace_reason IN ( 'B', 'D', 'DP', 'S' ) )
  3      ;

Table BIN altered.

SQL> 
SQL> COMMENT ON COLUMN bin.bin_rfid_tag IS
  2      'bin rfid tag, which is unique';

Comment created.

SQL> 
SQL> COMMENT ON COLUMN bin.bin_supply_date IS
  2      'bin supply date';

Comment created.

SQL> 
SQL> COMMENT ON COLUMN bin.bin_replace_reason IS
  2      'about bin replace reason';

Comment created.

SQL> 
SQL> COMMENT ON COLUMN bin.bin_type_id IS
  2      'Bin Type Id (Surrogate PK)';

Comment created.

SQL> 
SQL> COMMENT ON COLUMN bin.property_street_number IS
  2      'property_street_number';

Comment created.

SQL> 
SQL> COMMENT ON COLUMN bin.street_id IS
  2      'This is the street/road id.';

Comment created.

SQL> 
SQL> COMMENT ON COLUMN bin.authority_name IS
  2      'The local authority''s name (which is unique)';

Comment created.

SQL> 
SQL> ALTER TABLE bin ADD CONSTRAINT bin_pk PRIMARY KEY ( bin_rfid_tag );

Table BIN altered.

SQL> 
SQL> CREATE TABLE bin_type (
  2      bin_type_size                 NUMBER(7) NOT NULL,
  3      bin_type_standard_supply_cost NUMBER(7) NOT NULL,
  4      waste_type_id                 NUMBER(7) NOT NULL,
  5      bin_type_id                   NUMBER(4) NOT NULL
  6  );

Table BIN_TYPE created.

SQL> 
SQL> COMMENT ON COLUMN bin_type.bin_type_size IS
  2      'bin type size,which is ubique';

Comment created.

SQL> 
SQL> COMMENT ON COLUMN bin_type.bin_type_standard_supply_cost IS
  2      'bin_type_standard_supply_cost';

Comment created.

SQL> 
SQL> COMMENT ON COLUMN bin_type.waste_type_id IS
  2      'aste type id, which is unique';

Comment created.

SQL> 
SQL> COMMENT ON COLUMN bin_type.bin_type_id IS
  2      'Bin Type Id (Surrogate PK)';

Comment created.

SQL> 
SQL> ALTER TABLE bin_type ADD CONSTRAINT bin_type_pk PRIMARY KEY ( bin_type_id );

Table BIN_TYPE altered.

SQL> 
SQL> ALTER TABLE bin_type
  2      ADD CONSTRAINT bin_type_uk UNIQUE ( waste_type_id,
  3                                          bin_type_id,
  4                                          bin_type_size );

Table BIN_TYPE altered.

SQL> 
SQL> CREATE TABLE collection_cost (
  2      contract_collection_cost NUMBER(4),
  3      waste_type_id            NUMBER(7) NOT NULL,
  4      contract_number          NUMBER(7) NOT NULL
  5  );

Table COLLECTION_COST created.

SQL> 
SQL> COMMENT ON COLUMN collection_cost.contract_collection_cost IS
  2      'The contract waste collection cost.';

Comment created.

SQL> 
SQL> COMMENT ON COLUMN collection_cost.waste_type_id IS
  2      'aste type id, which is unique';

Comment created.

SQL> 
SQL> COMMENT ON COLUMN collection_cost.contract_number IS
  2      'contract number, which is unique';

Comment created.

SQL> 
SQL> ALTER TABLE collection_cost ADD CONSTRAINT collection_cost_pk PRIMARY KEY ( waste_type_id
  2  ,
  3                                                                              contract_number
  4                                                                              );

Table COLLECTION_COST altered.

SQL> 
SQL> CREATE TABLE collector (
  2      date_of_collection DATE NOT NULL,
  3      driver_number      NUMBER(7) NOT NULL
  4  );

Table COLLECTOR created.

SQL> 
SQL> COMMENT ON COLUMN collector.date_of_collection IS
  2      'The date of collection for the bins.';

Comment created.

SQL> 
SQL> COMMENT ON COLUMN collector.driver_number IS
  2      'driver number,which is unique.';

Comment created.

SQL> 
SQL> ALTER TABLE collector ADD CONSTRAINT collector_pk PRIMARY KEY ( date_of_collection );

Table COLLECTOR altered.

SQL> 
SQL> CREATE TABLE contract (
  2      contract_number      NUMBER(7) NOT NULL,
  3      contract_start_date  DATE NOT NULL,
  4      contract_end_date    DATE NOT NULL,
  5      authority_name       VARCHAR2(35) NOT NULL,
  6      collection_frequency VARCHAR2(50) NOT NULL
  7  );

Table CONTRACT created.

SQL> 
SQL> ALTER TABLE contract
  2      ADD CONSTRAINT chk_collections CHECK ( collection_frequency IN ( 'F', 'M', 'W' ) )
  3      ;

Table CONTRACT altered.

SQL> 
SQL> COMMENT ON COLUMN contract.contract_number IS
  2      'contract number, which is unique';

Comment created.

SQL> 
SQL> COMMENT ON COLUMN contract.contract_start_date IS
  2      'contract satrt date';

Comment created.

SQL> 
SQL> COMMENT ON COLUMN contract.contract_end_date IS
  2      'contract end date';

Comment created.

SQL> 
SQL> COMMENT ON COLUMN contract.authority_name IS
  2      'The local authority''s name (which is unique)';

Comment created.

SQL> 
SQL> COMMENT ON COLUMN contract.collection_frequency IS
  2      'Collection frequency of bins.';

Comment created.

SQL> 
SQL> ALTER TABLE contract ADD CONSTRAINT contract_pk PRIMARY KEY ( contract_number );

Table CONTRACT altered.

SQL> 
SQL> CREATE TABLE contract_driver (
  2      contract_number    NUMBER(7) NOT NULL,
  3      date_of_collection DATE NOT NULL
  4  );

Table CONTRACT_DRIVER created.

SQL> 
SQL> ALTER TABLE contract_driver ADD CONSTRAINT contract_driver_pk PRIMARY KEY ( contract_number
  2  ,
  3                                                                              date_of_collection
  4                                                                              );

Table CONTRACT_DRIVER altered.

SQL> 
SQL> CREATE TABLE driver (
  2      driver_number          NUMBER(7) NOT NULL,
  3      driver_contract_number NUMBER(7) NOT NULL,
  4      licence_number         NUMBER(9) NOT NULL
  5  );

Table DRIVER created.

SQL> 
SQL> COMMENT ON COLUMN driver.driver_number IS
  2      'driver number,which is unique.';

Comment created.

SQL> 
SQL> COMMENT ON COLUMN driver.driver_contract_number IS
  2      'driver contract number';

Comment created.

SQL> 
SQL> COMMENT ON COLUMN driver.licence_number IS
  2      'licence number';

Comment created.

SQL> 
SQL> CREATE UNIQUE INDEX driver__idx ON
  2      driver (
  3          licence_number
  4      ASC );

INDEX DRIVER__IDX created.

SQL> 
SQL> ALTER TABLE driver ADD CONSTRAINT driver_pk PRIMARY KEY ( driver_number );

Table DRIVER altered.

SQL> 
SQL> CREATE TABLE "driver-truck" (
  2      truck_vin     VARCHAR2(50) NOT NULL,
  3      driver_number NUMBER(7) NOT NULL
  4  );

Table "driver-truck" created.

SQL> 
SQL> ALTER TABLE "driver-truck" ADD CONSTRAINT "driver-truck_PK" PRIMARY KEY ( truck_vin,
  2                                                                            driver_number
  3                                                                            );

Table "driver-truck" altered.

SQL> 
SQL> CREATE TABLE information (
  2      licence_number      NUMBER(9) NOT NULL,
  3      licence_givname     VARCHAR2(35) NOT NULL,
  4      licence_famname     VARCHAR2(35) NOT NULL,
  5      licence_dateofbirth DATE NOT NULL,
  6      taxfile_number      NUMBER(9) NOT NULL
  7  );

Table INFORMATION created.

SQL> 
SQL> COMMENT ON COLUMN information.licence_number IS
  2      'licence number';

Comment created.

SQL> 
SQL> COMMENT ON COLUMN information.licence_givname IS
  2      'licence_givname';

Comment created.

SQL> 
SQL> COMMENT ON COLUMN information.licence_famname IS
  2      'licence famname';

Comment created.

SQL> 
SQL> COMMENT ON COLUMN information.licence_dateofbirth IS
  2      'licence date of birth';

Comment created.

SQL> 
SQL> COMMENT ON COLUMN information.taxfile_number IS
  2      'taxfile number';

Comment created.

SQL> 
SQL> ALTER TABLE information ADD CONSTRAINT information_pk PRIMARY KEY ( licence_number );

Table INFORMATION altered.

SQL> 
SQL> CREATE TABLE local_authority (
  2      authority_name          VARCHAR2(35) NOT NULL,
  3      authority_ceo_fname     VARCHAR2(25) NOT NULL,
  4      authority_ceo_lname     VARCHAR2(25) NOT NULL,
  5      authority_ceo_telephone VARCHAR2(15) NOT NULL,
  6      authority_total_area    NUMBER(8) NOT NULL,
  7      authority_type          VARCHAR2(15) NOT NULL
  8  );

Table LOCAL_AUTHORITY created.

SQL> 
SQL> ALTER TABLE local_authority
  2      ADD CONSTRAINT chk_type CHECK ( authority_type IN ( 'B', 'C', 'D', 'S', 'T' ) );

Table LOCAL_AUTHORITY altered.

SQL> 
SQL> COMMENT ON COLUMN local_authority.authority_name IS
  2      'The local authority''s name (which is unique)';

Comment created.

SQL> 
SQL> COMMENT ON COLUMN local_authority.authority_ceo_fname IS
  2      'CEO''s first name ';

Comment created.

SQL> 
SQL> COMMENT ON COLUMN local_authority.authority_ceo_lname IS
  2      'CEO''s last name ';

Comment created.

SQL> 
SQL> COMMENT ON COLUMN local_authority.authority_ceo_telephone IS
  2      'A contact phone number';

Comment created.

SQL> 
SQL> COMMENT ON COLUMN local_authority.authority_total_area IS
  2      'The authority total area. Assuming it is going to be quite high, have put precision of 8. No decimal places required for this value.'
  3  ;

Comment created.

SQL> 
SQL> COMMENT ON COLUMN local_authority.authority_type IS
  2      'The local authority type. This is classified into fixed types (constraints).';

Comment created.

SQL> 
SQL> ALTER TABLE local_authority ADD CONSTRAINT local_authority_pk PRIMARY KEY ( authority_name
  2  );

Table LOCAL_AUTHORITY altered.

SQL> 
SQL> CREATE TABLE owner (
  2      owner_id            NUMBER(7) NOT NULL,
  3      owner_name          VARCHAR2(25) NOT NULL,
  4      owner_email_address VARCHAR2(30) NOT NULL,
  5      email_phone_number  VARCHAR2(15) NOT NULL
  6  );

Table OWNER created.

SQL> 
SQL> COMMENT ON COLUMN owner.owner_id IS
  2      'the owner id, which is unique.';

Comment created.

SQL> 
SQL> COMMENT ON COLUMN owner.owner_name IS
  2      'owner name';

Comment created.

SQL> 
SQL> COMMENT ON COLUMN owner.owner_email_address IS
  2      'owner email address';

Comment created.

SQL> 
SQL> COMMENT ON COLUMN owner.email_phone_number IS
  2      'email phone number';

Comment created.

SQL> 
SQL> ALTER TABLE owner ADD CONSTRAINT owner_pk PRIMARY KEY ( owner_id );

Table OWNER altered.

SQL> 
SQL> CREATE TABLE property (
  2      property_street_number NUMBER(3) NOT NULL,
  3      street_id              NUMBER(7) NOT NULL,
  4      authority_name         VARCHAR2(35) NOT NULL
  5  );

Table PROPERTY created.

SQL> 
SQL> COMMENT ON COLUMN property.property_street_number IS
  2      'property_street_number';

Comment created.

SQL> 
SQL> COMMENT ON COLUMN property.street_id IS
  2      'This is the street/road id.';

Comment created.

SQL> 
SQL> COMMENT ON COLUMN property.authority_name IS
  2      'The local authority''s name (which is unique)';

Comment created.

SQL> 
SQL> ALTER TABLE property
  2      ADD CONSTRAINT property_pk PRIMARY KEY ( property_street_number,
  3                                               street_id,
  4                                               authority_name );

Table PROPERTY altered.

SQL> 
SQL> CREATE TABLE "property-owner" (
  2      property_street_number NUMBER(3) NOT NULL,
  3      street_id              NUMBER(7) NOT NULL,
  4      authority_name         VARCHAR2(35) NOT NULL,
  5      owner_id               NUMBER(7) NOT NULL
  6  );

Table "property-owner" created.

SQL> 
SQL> ALTER TABLE "property-owner"
  2      ADD CONSTRAINT "property-owner_PK" PRIMARY KEY ( property_street_number,
  3                                                       street_id,
  4                                                       authority_name,
  5                                                       owner_id );

Table "property-owner" altered.

SQL> 
SQL> CREATE TABLE street (
  2      street_id      NUMBER(7) NOT NULL,
  3      street_name    VARCHAR2(50) NOT NULL,
  4      street_length  NUMBER(5) NOT NULL,
  5      street_surface VARCHAR2(50) NOT NULL,
  6      street_lane    NUMBER(4) NOT NULL,
  7      authority_name VARCHAR2(35) NOT NULL
  8  );

Table STREET created.

SQL> 
SQL> ALTER TABLE street
  2      ADD CONSTRAINT chk_surface CHECK ( street_surface IN ( 'A', 'C', 'U' ) );

Table STREET altered.

SQL> 
SQL> COMMENT ON COLUMN street.street_id IS
  2      'This is the street/road id.';

Comment created.

SQL> 
SQL> COMMENT ON COLUMN street.street_name IS
  2      'The street/road name';

Comment created.

SQL> 
SQL> COMMENT ON COLUMN street.street_length IS
  2      'Street length in metres. Can be quite large given 1000m -> 1km.';

Comment created.

SQL> 
SQL> COMMENT ON COLUMN street.street_surface IS
  2      'Street/road surface type (this is a fixed type - add constraint).';

Comment created.

SQL> 
SQL> COMMENT ON COLUMN street.street_lane IS
  2      'The number of lanes on the street.';

Comment created.

SQL> 
SQL> COMMENT ON COLUMN street.authority_name IS
  2      'The local authority''s name (which is unique)';

Comment created.

SQL> 
SQL> ALTER TABLE street ADD CONSTRAINT street_pk PRIMARY KEY ( street_id,
  2                                                            authority_name );

Table STREET altered.

SQL> 
SQL> CREATE TABLE supply_cost (
  2      contract_supply_cost NUMBER(5) NOT NULL,
  3      contract_number      NUMBER(7) NOT NULL,
  4      bin_type_id          NUMBER(4) NOT NULL
  5  );

Table SUPPLY_COST created.

SQL> 
SQL> COMMENT ON COLUMN supply_cost.contract_supply_cost IS
  2      'contract supply coast';

Comment created.

SQL> 
SQL> COMMENT ON COLUMN supply_cost.contract_number IS
  2      'contract number, which is unique';

Comment created.

SQL> 
SQL> COMMENT ON COLUMN supply_cost.bin_type_id IS
  2      'Bin Type Id (Surrogate PK)';

Comment created.

SQL> 
SQL> ALTER TABLE supply_cost ADD CONSTRAINT supply_cost_pk PRIMARY KEY ( contract_number,
  2                                                                      bin_type_id );

Table SUPPLY_COST altered.

SQL> 
SQL> CREATE TABLE truck (
  2      truck_vin        VARCHAR2(50) NOT NULL,
  3      driver_number    NUMBER(7) NOT NULL,
  4      truck_regonumber NUMBER(9) NOT NULL,
  5      truck_made       VARCHAR2(50) NOT NULL,
  6      truck_year       DATE NOT NULL
  7  );

Table TRUCK created.

SQL> 
SQL> COMMENT ON COLUMN truck.truck_vin IS
  2      'truck vin, which is unique.';

Comment created.

SQL> 
SQL> COMMENT ON COLUMN truck.driver_number IS
  2      'driver number';

Comment created.

SQL> 
SQL> COMMENT ON COLUMN truck.truck_regonumber IS
  2      'truck regonumber';

Comment created.

SQL> 
SQL> COMMENT ON COLUMN truck.truck_made IS
  2      'truck made';

Comment created.

SQL> 
SQL> COMMENT ON COLUMN truck.truck_year IS
  2      'truck year';

Comment created.

SQL> 
SQL> ALTER TABLE truck ADD CONSTRAINT truck_pk PRIMARY KEY ( truck_vin );

Table TRUCK altered.

SQL> 
SQL> CREATE TABLE waste_cost (
  2      collected_kg       NUMBER(4) NOT NULL,
  3      overweight         CHAR(1) NOT NULL,
  4      date_of_collection DATE NOT NULL,
  5      bin_rfid_tag       VARCHAR2(16) NOT NULL
  6  );

Table WASTE_COST created.

SQL> 
SQL> COMMENT ON COLUMN waste_cost.collected_kg IS
  2      'The weight of the respective bin.';

Comment created.

SQL> 
SQL> COMMENT ON COLUMN waste_cost.overweight IS
  2      'Is the bin overweight or not.';

Comment created.

SQL> 
SQL> COMMENT ON COLUMN waste_cost.date_of_collection IS
  2      'The date of collection for the bins.';

Comment created.

SQL> 
SQL> COMMENT ON COLUMN waste_cost.bin_rfid_tag IS
  2      'bin rfid tag, which is unique';

Comment created.

SQL> 
SQL> ALTER TABLE waste_cost ADD CONSTRAINT waste_coast_pk PRIMARY KEY ( bin_rfid_tag,
  2                                                                     date_of_collection
  3                                                                     );

Table WASTE_COST altered.

SQL> 
SQL> CREATE TABLE waste_type (
  2      waste_type_id          NUMBER(7) NOT NULL,
  3      waste_type_description VARCHAR2(50) NOT NULL
  4  );

Table WASTE_TYPE created.

SQL> 
SQL> COMMENT ON COLUMN waste_type.waste_type_id IS
  2      'aste type id, which is unique';

Comment created.

SQL> 
SQL> COMMENT ON COLUMN waste_type.waste_type_description IS
  2      'waste type description';

Comment created.

SQL> 
SQL> ALTER TABLE waste_type ADD CONSTRAINT waste_type_pk PRIMARY KEY ( waste_type_id );

Table WASTE_TYPE altered.

SQL> 
SQL> ALTER TABLE bin
  2      ADD CONSTRAINT "bin_type-bin" FOREIGN KEY ( bin_type_id )
  3          REFERENCES bin_type ( bin_type_id );

Table BIN altered.

SQL> 
SQL> ALTER TABLE supply_cost
  2      ADD CONSTRAINT "bin_type-contract_supply_cost" FOREIGN KEY ( bin_type_id )
  3          REFERENCES bin_type ( bin_type_id );

Table SUPPLY_COST altered.

SQL> 
SQL> ALTER TABLE waste_cost
  2      ADD CONSTRAINT "bin-contract_waste_cost" FOREIGN KEY ( bin_rfid_tag )
  3          REFERENCES bin ( bin_rfid_tag );

Table WASTE_COST altered.

SQL> 
SQL> ALTER TABLE contract_driver
  2      ADD CONSTRAINT contract_driver_collector_fk FOREIGN KEY ( date_of_collection )
  3          REFERENCES collector ( date_of_collection );

Table CONTRACT_DRIVER altered.

SQL> 
SQL> ALTER TABLE contract_driver
  2      ADD CONSTRAINT contract_driver_contract_fk FOREIGN KEY ( contract_number )
  3          REFERENCES contract ( contract_number );

Table CONTRACT_DRIVER altered.

SQL> 
SQL> ALTER TABLE collection_cost
  2      ADD CONSTRAINT "contract-coll_cost" FOREIGN KEY ( contract_number )
  3          REFERENCES contract ( contract_number );

Table COLLECTION_COST altered.

SQL> 
SQL> ALTER TABLE supply_cost
  2      ADD CONSTRAINT "contract-contract_supply_cost" FOREIGN KEY ( contract_number )
  3          REFERENCES contract ( contract_number );

Table SUPPLY_COST altered.

SQL> 
SQL> ALTER TABLE waste_cost
  2      ADD CONSTRAINT dcollector_wastecost FOREIGN KEY ( date_of_collection )
  3          REFERENCES collector ( date_of_collection );

Table WASTE_COST altered.

SQL> 
SQL> ALTER TABLE collector
  2      ADD CONSTRAINT "driver-driver_collector" FOREIGN KEY ( driver_number )
  3          REFERENCES driver ( driver_number );

Table COLLECTOR altered.

SQL> 
SQL> ALTER TABLE "driver-truck"
  2      ADD CONSTRAINT "driver-truck_DRIVER_FK" FOREIGN KEY ( driver_number )
  3          REFERENCES driver ( driver_number );

Table "driver-truck" altered.

SQL> 
SQL> ALTER TABLE "driver-truck"
  2      ADD CONSTRAINT "driver-truck_TRUCK_FK" FOREIGN KEY ( truck_vin )
  3          REFERENCES truck ( truck_vin );

Table "driver-truck" altered.

SQL> 
SQL> ALTER TABLE driver
  2      ADD CONSTRAINT "information-driver" FOREIGN KEY ( licence_number )
  3          REFERENCES information ( licence_number );

Table DRIVER altered.

SQL> 
SQL> ALTER TABLE contract
  2      ADD CONSTRAINT "local_auth-contract" FOREIGN KEY ( authority_name )
  3          REFERENCES local_authority ( authority_name );

Table CONTRACT altered.

SQL> 
SQL> ALTER TABLE street
  2      ADD CONSTRAINT "local_auth-street" FOREIGN KEY ( authority_name )
  3          REFERENCES local_authority ( authority_name );

Table STREET altered.

SQL> 
SQL> ALTER TABLE bin
  2      ADD CONSTRAINT property_bin FOREIGN KEY ( property_street_number,
  3                                                street_id,
  4                                                authority_name )
  5          REFERENCES property ( property_street_number,
  6                                street_id,
  7                                authority_name );

Table BIN altered.

SQL> 
SQL> ALTER TABLE "property-owner"
  2      ADD CONSTRAINT "property-owner_OWNER_FK" FOREIGN KEY ( owner_id )
  3          REFERENCES owner ( owner_id );

Table "property-owner" altered.

SQL> 
SQL> ALTER TABLE "property-owner"
  2      ADD CONSTRAINT "property-owner_PROPERTY_FK" FOREIGN KEY ( property_street_number,
  3                                                                street_id,
  4                                                                authority_name )
  5          REFERENCES property ( property_street_number,
  6                                street_id,
  7                                authority_name );

Table "property-owner" altered.

SQL> 
SQL> ALTER TABLE property
  2      ADD CONSTRAINT street_property FOREIGN KEY ( street_id,
  3                                                   authority_name )
  4          REFERENCES street ( street_id,
  5                              authority_name );

Table PROPERTY altered.

SQL> 
SQL> ALTER TABLE bin_type
  2      ADD CONSTRAINT "waste_type-bin_type" FOREIGN KEY ( waste_type_id )
  3          REFERENCES waste_type ( waste_type_id );

Table BIN_TYPE altered.

SQL> 
SQL> ALTER TABLE collection_cost
  2      ADD CONSTRAINT wastetype_collectioncost FOREIGN KEY ( waste_type_id )
  3          REFERENCES waste_type ( waste_type_id );

Table COLLECTION_COST altered.

SQL> 
SQL> 
SQL> 
SQL> -- Oracle SQL Developer Data Modeler Summary Report: 
SQL> -- 
SQL> -- CREATE TABLE                            18
SQL> -- CREATE INDEX                             1
SQL> -- ALTER TABLE                             43
SQL> -- CREATE VIEW                              0
SQL> -- ALTER VIEW                               0
SQL> -- CREATE PACKAGE                           0
SQL> -- CREATE PACKAGE BODY                      0
SQL> -- CREATE PROCEDURE                         0
SQL> -- CREATE FUNCTION                          0
SQL> -- CREATE TRIGGER                           0
SQL> -- ALTER TRIGGER                            0
SQL> -- CREATE COLLECTION TYPE                   0
SQL> -- CREATE STRUCTURED TYPE                   0
SQL> -- CREATE STRUCTURED TYPE BODY              0
SQL> -- CREATE CLUSTER                           0
SQL> -- CREATE CONTEXT                           0
SQL> -- CREATE DATABASE                          0
SQL> -- CREATE DIMENSION                         0
SQL> -- CREATE DIRECTORY                         0
SQL> -- CREATE DISK GROUP                        0
SQL> -- CREATE ROLE                              0
SQL> -- CREATE ROLLBACK SEGMENT                  0
SQL> -- CREATE SEQUENCE                          0
SQL> -- CREATE MATERIALIZED VIEW                 0
SQL> -- CREATE MATERIALIZED VIEW LOG             0
SQL> -- CREATE SYNONYM                           0
SQL> -- CREATE TABLESPACE                        0
SQL> -- CREATE USER                              0
SQL> -- 
SQL> -- DROP TABLESPACE                          0
SQL> -- DROP DATABASE                            0
SQL> -- 
SQL> -- REDACTION POLICY                         0
SQL> -- 
SQL> -- ORDS DROP SCHEMA                         0
SQL> -- ORDS ENABLE SCHEMA                       0
SQL> -- ORDS ENABLE OBJECT                       0
SQL> -- 
SQL> -- ERRORS                                   0
SQL> -- WARNINGS                                 0
SQL> 
SQL> SPOOL off
